POLYGON((2.3 3.6,2.3 6.0,2.4 8.2,2.6 8.5,5.2 9.8,6.4 9.7,7.2 9.5,7.6 8.8,8.5 7.1,9.1 5.0,9.0 3.0,8.4 1.9,7.8 1.6,7.3 1.6,6.5 1.6,4.3 1.9,3.0 2.2,2.3 3.6))
