01010000a06a0f0000000000000000f03f00000000000000400000000000000840
